<?xml version="1.0" encoding="UTF-8"?>
<TestRun id="8393486e-74f1-4f04-a658-2975941b897a" name="TechTeam@QAWORKSDYNAMICS 2017-05-02 10:03:01" runUser="QAWORKSDYNAMICS\TechTeam" xmlns="http://microsoft.com/schemas/VisualStudio/TeamTest/2010">
  <TestSettings name="Default Test Settings" id="da4716e4-7dd6-4f5b-be22-0ec8cc6e8ff7">
    <Deployment userDeploymentRoot="C:\Users\TechTeam\Source\Repos\SeleniumAutomationFramework\SeleniumAutomationFramework\SeleniumAutomationFramework.Specs\Batch" useDefaultDeploymentRoot="false" runDeploymentRoot="TechTeam_QAWORKSDYNAMICS 2017-05-02 10_03_01" />
    <Execution>
      <TestTypeSpecific />
      <AgentRule name="Execution Agents">
      </AgentRule>
    </Execution>
    <Properties />
  </TestSettings>
  <Times creation="2017-05-02T10:03:01.8133542+01:00" queuing="2017-05-02T10:03:02.2383518+01:00" start="2017-05-02T10:03:02.4163524+01:00" finish="2017-05-02T10:04:54.3461223+01:00" />
  <ResultSummary outcome="Failed">
    <Counters total="4" executed="4" passed="3" error="0" failed="1" timeout="0" aborted="0" inconclusive="0" passedButRunAborted="0" notRunnable="0" notExecuted="0" disconnected="0" warning="0" completed="0" inProgress="0" pending="0" />
  </ResultSummary>
  <TestDefinitions>
    <UnitTest name="ModifyCustomerPhoneNumber_Variant1" storage="c:\users\techteam\source\repos\seleniumautomationframework\seleniumautomationframework\seleniumautomationframework.specs\bin\debug\seleniumautomationframework.specs.dll" id="9ef5d3d1-5a79-6ef3-b47e-7b4c004810ba">
      <Description>Modify Customer Phone Number: Variant 1</Description>
      <Execution id="00a2beb9-0190-467b-ad07-d4f47f91a785" />
      <Properties>
        <Property>
          <Key>FeatureTitle</Key>
          <Value>CreateNewSalesOrder</Value>
        </Property>
        <Property>
          <Key>VariantName</Key>
          <Value>Variant 1</Value>
        </Property>
        <Property>
          <Key>Parameter:NewNumber</Key>
          <Value>987654321</Value>
        </Property>
        <Property>
          <Key>Parameter:NumberResult</Key>
          <Value>546541245</Value>
        </Property>
        <Property>
          <Key>Parameter:CustomerID</Key>
          <Value>01121212</Value>
        </Property>
      </Properties>
      <TestMethod codeBase="C:/Users/TechTeam/Source/Repos/SeleniumAutomationFramework/SeleniumAutomationFramework/SeleniumAutomationFramework.Specs/bin/Debug/SeleniumAutomationFramework.Specs.DLL" adapterTypeName="Microsoft.VisualStudio.TestTools.TestTypes.Unit.UnitTestAdapter, Microsoft.VisualStudio.QualityTools.Tips.UnitTest.Adapter, Version=15.0.0.0, Culture=neutral, PublicKeyToken=b03f5f7f11d50a3a" className="SeleniumAutomationFramework.Specs.Features.CreateNewSalesOrderFeature, SeleniumAutomationFramework.Specs, Version=1.0.0.0, Culture=neutral, PublicKeyToken=null" name="ModifyCustomerPhoneNumber_Variant1" />
    </UnitTest>
    <UnitTest name="CreateNewCustomerCard_QAWorks" storage="c:\users\techteam\source\repos\seleniumautomationframework\seleniumautomationframework\seleniumautomationframework.specs\bin\debug\seleniumautomationframework.specs.dll" id="e41ee7e7-a563-5e0f-eb0f-373d26670ff8">
      <Description>Create new customer card: QAWorks</Description>
      <Execution id="3bd5ab06-4234-4b24-bca7-85c8699019db" />
      <Properties>
        <Property>
          <Key>FeatureTitle</Key>
          <Value>CreateNewSalesOrder</Value>
        </Property>
        <Property>
          <Key>VariantName</Key>
          <Value>QAWorks</Value>
        </Property>
        <Property>
          <Key>Parameter:CustomerName</Key>
          <Value>QAWorks</Value>
        </Property>
      </Properties>
      <TestMethod codeBase="C:/Users/TechTeam/Source/Repos/SeleniumAutomationFramework/SeleniumAutomationFramework/SeleniumAutomationFramework.Specs/bin/Debug/SeleniumAutomationFramework.Specs.DLL" adapterTypeName="Microsoft.VisualStudio.TestTools.TestTypes.Unit.UnitTestAdapter, Microsoft.VisualStudio.QualityTools.Tips.UnitTest.Adapter, Version=15.0.0.0, Culture=neutral, PublicKeyToken=b03f5f7f11d50a3a" className="SeleniumAutomationFramework.Specs.Features.CreateNewSalesOrderFeature, SeleniumAutomationFramework.Specs, Version=1.0.0.0, Culture=neutral, PublicKeyToken=null" name="CreateNewCustomerCard_QAWorks" />
    </UnitTest>
    <UnitTest name="ModifyCustomerPhoneNumber_Variant0" storage="c:\users\techteam\source\repos\seleniumautomationframework\seleniumautomationframework\seleniumautomationframework.specs\bin\debug\seleniumautomationframework.specs.dll" id="9cbdd32c-7b49-726f-19ce-0ffe3892beed">
      <Description>Modify Customer Phone Number: Variant 0</Description>
      <Execution id="30dbc735-3c7e-4251-8b1d-598088509bbc" />
      <Properties>
        <Property>
          <Key>FeatureTitle</Key>
          <Value>CreateNewSalesOrder</Value>
        </Property>
        <Property>
          <Key>VariantName</Key>
          <Value>Variant 0</Value>
        </Property>
        <Property>
          <Key>Parameter:NewNumber</Key>
          <Value>346236424</Value>
        </Property>
        <Property>
          <Key>Parameter:NumberResult</Key>
          <Value>346236424</Value>
        </Property>
        <Property>
          <Key>Parameter:CustomerID</Key>
          <Value>01121212</Value>
        </Property>
      </Properties>
      <TestMethod codeBase="C:/Users/TechTeam/Source/Repos/SeleniumAutomationFramework/SeleniumAutomationFramework/SeleniumAutomationFramework.Specs/bin/Debug/SeleniumAutomationFramework.Specs.DLL" adapterTypeName="Microsoft.VisualStudio.TestTools.TestTypes.Unit.UnitTestAdapter, Microsoft.VisualStudio.QualityTools.Tips.UnitTest.Adapter, Version=15.0.0.0, Culture=neutral, PublicKeyToken=b03f5f7f11d50a3a" className="SeleniumAutomationFramework.Specs.Features.CreateNewSalesOrderFeature, SeleniumAutomationFramework.Specs, Version=1.0.0.0, Culture=neutral, PublicKeyToken=null" name="ModifyCustomerPhoneNumber_Variant0" />
    </UnitTest>
    <UnitTest name="DeleteCustomer_012345" storage="c:\users\techteam\source\repos\seleniumautomationframework\seleniumautomationframework\seleniumautomationframework.specs\bin\debug\seleniumautomationframework.specs.dll" id="926392cc-23d6-afc8-9434-51a7af89c9f1">
      <Description>Delete Customer: 012345</Description>
      <Execution id="6e61fc08-c1ff-4e5e-8959-68cc17d03420" />
      <Properties>
        <Property>
          <Key>FeatureTitle</Key>
          <Value>CreateNewSalesOrder</Value>
        </Property>
        <Property>
          <Key>VariantName</Key>
          <Value>012345</Value>
        </Property>
        <Property>
          <Key>Parameter:CustomerID</Key>
          <Value>012345</Value>
        </Property>
      </Properties>
      <TestMethod codeBase="C:/Users/TechTeam/Source/Repos/SeleniumAutomationFramework/SeleniumAutomationFramework/SeleniumAutomationFramework.Specs/bin/Debug/SeleniumAutomationFramework.Specs.DLL" adapterTypeName="Microsoft.VisualStudio.TestTools.TestTypes.Unit.UnitTestAdapter, Microsoft.VisualStudio.QualityTools.Tips.UnitTest.Adapter, Version=15.0.0.0, Culture=neutral, PublicKeyToken=b03f5f7f11d50a3a" className="SeleniumAutomationFramework.Specs.Features.CreateNewSalesOrderFeature, SeleniumAutomationFramework.Specs, Version=1.0.0.0, Culture=neutral, PublicKeyToken=null" name="DeleteCustomer_012345" />
    </UnitTest>
  </TestDefinitions>
  <TestLists>
    <TestList name="Results Not in a List" id="8c84fa94-04c1-424b-9868-57a2d4851a1d" />
    <TestList name="All Loaded Results" id="19431567-8539-422a-85d7-44ee4e166bda" />
  </TestLists>
  <TestEntries>
    <TestEntry testId="e41ee7e7-a563-5e0f-eb0f-373d26670ff8" executionId="3bd5ab06-4234-4b24-bca7-85c8699019db" testListId="8c84fa94-04c1-424b-9868-57a2d4851a1d" />
    <TestEntry testId="926392cc-23d6-afc8-9434-51a7af89c9f1" executionId="6e61fc08-c1ff-4e5e-8959-68cc17d03420" testListId="8c84fa94-04c1-424b-9868-57a2d4851a1d" />
    <TestEntry testId="9cbdd32c-7b49-726f-19ce-0ffe3892beed" executionId="30dbc735-3c7e-4251-8b1d-598088509bbc" testListId="8c84fa94-04c1-424b-9868-57a2d4851a1d" />
    <TestEntry testId="9ef5d3d1-5a79-6ef3-b47e-7b4c004810ba" executionId="00a2beb9-0190-467b-ad07-d4f47f91a785" testListId="8c84fa94-04c1-424b-9868-57a2d4851a1d" />
  </TestEntries>
  <Results>
    <UnitTestResult executionId="3bd5ab06-4234-4b24-bca7-85c8699019db" testId="e41ee7e7-a563-5e0f-eb0f-373d26670ff8" testName="CreateNewCustomerCard_QAWorks" computerName="QAWORKSDYNAMICS" duration="00:00:37.5808762" startTime="2017-05-02T10:03:02.4983496+01:00" endTime="2017-05-02T10:03:56.3599869+01:00" testType="13cdc9d9-ddb5-4fa4-a97d-d965ccfc6d4b" outcome="Passed" testListId="8c84fa94-04c1-424b-9868-57a2d4851a1d" relativeResultsDirectory="3bd5ab06-4234-4b24-bca7-85c8699019db">
      <Output>
        <StdOut>Given I am on the home screen and I navigate to create a new customer "QAWorks"
-&gt; done: CreateNewSalesOrderSteps.GivenIAmOnTheHomeScreenAndINavigateToCreateANewCustomer("QAWorks") (4.4s)
When I enter the new customer details
-&gt; done: CreateNewSalesOrderSteps.WhenIEnterTheNewCustomerDetails() (30.8s)
Then I should be able to see the new customer in the customer list
-&gt; done: CreateNewSalesOrderSteps.ThenIShouldBeAbleToSeeTheNewCustomerInTheCustomerList() (2.4s)</StdOut>
      </Output>
    </UnitTestResult>
    <UnitTestResult executionId="6e61fc08-c1ff-4e5e-8959-68cc17d03420" testId="926392cc-23d6-afc8-9434-51a7af89c9f1" testName="DeleteCustomer_012345" computerName="QAWORKSDYNAMICS" duration="00:00:18.3467036" startTime="2017-05-02T10:03:56.3719858+01:00" endTime="2017-05-02T10:04:14.7381231+01:00" testType="13cdc9d9-ddb5-4fa4-a97d-d965ccfc6d4b" outcome="Passed" testListId="8c84fa94-04c1-424b-9868-57a2d4851a1d" relativeResultsDirectory="6e61fc08-c1ff-4e5e-8959-68cc17d03420">
      <Output>
        <StdOut>Given I am on the home screen and I select the customer to delete "012345"
-&gt; done: CreateNewSalesOrderSteps.GivenIAmOnTheHomeScreenAndISelectTheCustomerToDelete("012345") (3.7s)
When I delete the customer information
-&gt; done: CreateNewSalesOrderSteps.WhenIDeleteTheCustomerInformation() (3.6s)
Then that customer should be deleted "012345"
-&gt; done: CreateNewSalesOrderSteps.ThenThatCustomerShouldBeDeleted("012345") (11.1s)</StdOut>
      </Output>
    </UnitTestResult>
    <UnitTestResult executionId="30dbc735-3c7e-4251-8b1d-598088509bbc" testId="9cbdd32c-7b49-726f-19ce-0ffe3892beed" testName="ModifyCustomerPhoneNumber_Variant0" computerName="QAWORKSDYNAMICS" duration="00:00:11.6398475" startTime="2017-05-02T10:04:14.7441234+01:00" endTime="2017-05-02T10:04:26.3880520+01:00" testType="13cdc9d9-ddb5-4fa4-a97d-d965ccfc6d4b" outcome="Passed" testListId="8c84fa94-04c1-424b-9868-57a2d4851a1d" relativeResultsDirectory="30dbc735-3c7e-4251-8b1d-598088509bbc">
      <Output>
        <StdOut>Given I am on the home screen and i select a customer to modify based on their id "01121212"
-&gt; done: CreateNewSalesOrderSteps.GivenIAmOnTheHomeScreenAndISelectACustomerToModifyBasedOnTheirId("01121212") (3.2s)
When I modify their phone number "346236424"
-&gt; done: CreateNewSalesOrderSteps.WhenIModifyTheirPhoneNumber("346236424") (3.1s)
Then I should be able to see their new phone number "346236424"
-&gt; done: CreateNewSalesOrderSteps.ThenIShouldBeAbleToSeeTheirNewPhoneNumber("346236424") (5.4s)</StdOut>
      </Output>
    </UnitTestResult>
    <UnitTestResult executionId="00a2beb9-0190-467b-ad07-d4f47f91a785" testId="9ef5d3d1-5a79-6ef3-b47e-7b4c004810ba" testName="ModifyCustomerPhoneNumber_Variant1" computerName="QAWORKSDYNAMICS" duration="00:00:16.7376721" startTime="2017-05-02T10:04:26.3910520+01:00" endTime="2017-05-02T10:04:43.1333577+01:00" testType="13cdc9d9-ddb5-4fa4-a97d-d965ccfc6d4b" outcome="Failed" testListId="8c84fa94-04c1-424b-9868-57a2d4851a1d" relativeResultsDirectory="00a2beb9-0190-467b-ad07-d4f47f91a785">
      <Output>
        <StdOut>Given I am on the home screen and i select a customer to modify based on their id "01121212"
-&gt; done: CreateNewSalesOrderSteps.GivenIAmOnTheHomeScreenAndISelectACustomerToModifyBasedOnTheirId("01121212") (3.1s)
When I modify their phone number "987654321"
-&gt; done: CreateNewSalesOrderSteps.WhenIModifyTheirPhoneNumber("987654321") (3.2s)
Then I should be able to see their new phone number "546541245"
-&gt; error:   Expected: True
  But was:  False</StdOut>
        <ErrorInfo>
          <Message>Test method SeleniumAutomationFramework.Specs.Features.CreateNewSalesOrderFeature.ModifyCustomerPhoneNumber_Variant1 threw exception: 
NUnit.Framework.AssertionException:   Expected: True
  But was:  False
</Message>
          <StackTrace>    at NUnit.Framework.Assert.That[TActual](TActual actual, IResolveConstraint expression, String message, Object[] args)
   at NUnit.Framework.Assert.True(Boolean condition)
   at SeleniumAutomationFramework.Specs.StepDefinitions.CreateNewSalesOrderSteps.ThenIShouldBeAbleToSeeTheirNewPhoneNumber(String phoneNumberResult) in C:\Users\TechTeam\Source\Repos\SeleniumAutomationFramework\SeleniumAutomationFramework\SeleniumAutomationFramework.Specs\StepDefinitions\CreateNewSalesOrderSteps.cs:line 70
   at lambda_method(Closure , IContextManager , String )
   at TechTalk.SpecFlow.Bindings.BindingInvoker.InvokeBinding(IBinding binding, IContextManager contextManager, Object[] arguments, ITestTracer testTracer, TimeSpan&amp; duration)
   at TechTalk.SpecFlow.Infrastructure.TestExecutionEngine.ExecuteStepMatch(BindingMatch match, Object[] arguments)
   at TechTalk.SpecFlow.Infrastructure.TestExecutionEngine.ExecuteStep(StepInstance stepInstance)
   at TechTalk.SpecFlow.Infrastructure.TestExecutionEngine.OnAfterLastStep()
   at TechTalk.SpecFlow.TestRunner.CollectScenarioErrors()
   at SeleniumAutomationFramework.Specs.Features.CreateNewSalesOrderFeature.ScenarioCleanup()
   at SeleniumAutomationFramework.Specs.Features.CreateNewSalesOrderFeature.ModifyCustomerPhoneNumber(String customerID, String newNumber, String numberResult, String[] exampleTags) in C:\Users\TechTeam\Source\Repos\SeleniumAutomationFramework\SeleniumAutomationFramework\SeleniumAutomationFramework.Specs\Features\Customer.feature:line 28
   at SeleniumAutomationFramework.Specs.Features.CreateNewSalesOrderFeature.ModifyCustomerPhoneNumber_Variant1()
</StackTrace>
        </ErrorInfo>
      </Output>
    </UnitTestResult>
  </Results>
</TestRun>